// Jest Snapshot v1, https://goo.gl/fbAQLP

exports[`Upload component renders the complete page 1`] = `
<div
  className="App"
>
  <form
    onSubmit={[Function]}
  >
    <input
      aria-label="upload-image"
      className="form-input"
      name="image"
      onChange={[Function]}
      type="file"
    />
    <div
      className="img-upload"
    />
    <div
      className="submit-button"
    >
      <button
        className="form-btn"
        type="submit"
      >
        Next
      </button>
    </div>
  </form>
</div>
`;
